Analysis & Elaboration report for mips
Fri Jan 12 19:57:23 2024
Quartus Prime Version 23.1std.0 Build 991 11/28/2023 SC Lite Edition


---------------------
; Table of Contents ;
---------------------
  1. Legal Notice
  2. Analysis & Elaboration Summary
  3. Parallel Compilation
  4. Analysis & Elaboration Settings
  5. Analysis & Elaboration Messages



----------------
; Legal Notice ;
----------------
Copyright (C) 2023  Intel Corporation. All rights reserved.
Your use of Intel Corporation's design tools, logic functions 
and other software and tools, and any partner logic 
functions, and any output files from any of the foregoing 
(including device programming or simulation files), and any 
associated documentation or information are expressly subject 
to the terms and conditions of the Intel Program License 
Subscription Agreement, the Intel Quartus Prime License Agreement,
the Intel FPGA IP License Agreement, or other applicable license
agreement, including, without limitation, that your use is for
the sole purpose of programming logic devices manufactured by
Intel and sold by Intel or its authorized distributors.  Please
refer to the applicable agreement for further details, at
https://fpgasoftware.intel.com/eula.



+-------------------------------------------------------------------------------------+
; Analysis & Elaboration Summary                                                      ;
+------------------------------------+------------------------------------------------+
; Analysis & Elaboration Status      ; Successful - Fri Jan 12 19:57:23 2024          ;
; Quartus Prime Version              ; 23.1std.0 Build 991 11/28/2023 SC Lite Edition ;
; Revision Name                      ; mips                                           ;
; Top-level Entity Name              ; mips                                           ;
; Family                             ; MAX 10                                         ;
; Total logic elements               ; N/A until Partition Merge                      ;
;     Total combinational functions  ; N/A until Partition Merge                      ;
;     Dedicated logic registers      ; N/A until Partition Merge                      ;
; Total registers                    ; N/A until Partition Merge                      ;
; Total pins                         ; N/A until Partition Merge                      ;
; Total virtual pins                 ; N/A until Partition Merge                      ;
; Total memory bits                  ; N/A until Partition Merge                      ;
; Embedded Multiplier 9-bit elements ; N/A until Partition Merge                      ;
; Total PLLs                         ; N/A until Partition Merge                      ;
; UFM blocks                         ; N/A until Partition Merge                      ;
; ADC blocks                         ; N/A until Partition Merge                      ;
+------------------------------------+------------------------------------------------+


+------------------------------------------+
; Parallel Compilation                     ;
+----------------------------+-------------+
; Processors                 ; Number      ;
+----------------------------+-------------+
; Number detected on machine ; 20          ;
; Maximum allowed            ; 14          ;
;                            ;             ;
; Average used               ; 1.00        ;
; Maximum used               ; 1           ;
;                            ;             ;
; Usage by Processor         ; % Time Used ;
;     Processor 1            ; 100.0%      ;
+----------------------------+-------------+


+------------------------------------------------------------------------------------------------------------+
; Analysis & Elaboration Settings                                                                            ;
+------------------------------------------------------------------+--------------------+--------------------+
; Option                                                           ; Setting            ; Default Value      ;
+------------------------------------------------------------------+--------------------+--------------------+
; Device                                                           ; 10M50DAF484C7G     ;                    ;
; Top-level entity name                                            ; mips               ; mips               ;
; Family name                                                      ; MAX 10 FPGA        ; Cyclone V          ;
; Use smart compilation                                            ; Off                ; Off                ;
; Enable parallel Assembler and Timing Analyzer during compilation ; On                 ; On                 ;
; Enable compact report table                                      ; Off                ; Off                ;
; Restructure Multiplexers                                         ; Auto               ; Auto               ;
; Create Debugging Nodes for IP Cores                              ; Off                ; Off                ;
; Preserve fewer node names                                        ; On                 ; On                 ;
; Intel FPGA IP Evaluation Mode                                    ; Enable             ; Enable             ;
; Verilog Version                                                  ; Verilog_2001       ; Verilog_2001       ;
; VHDL Version                                                     ; VHDL_1993          ; VHDL_1993          ;
; State Machine Processing                                         ; Auto               ; Auto               ;
; Safe State Machine                                               ; Off                ; Off                ;
; Extract Verilog State Machines                                   ; On                 ; On                 ;
; Extract VHDL State Machines                                      ; On                 ; On                 ;
; Ignore Verilog initial constructs                                ; Off                ; Off                ;
; Iteration limit for constant Verilog loops                       ; 5000               ; 5000               ;
; Iteration limit for non-constant Verilog loops                   ; 250                ; 250                ;
; Add Pass-Through Logic to Inferred RAMs                          ; On                 ; On                 ;
; Infer RAMs from Raw Logic                                        ; On                 ; On                 ;
; Parallel Synthesis                                               ; On                 ; On                 ;
; DSP Block Balancing                                              ; Auto               ; Auto               ;
; NOT Gate Push-Back                                               ; On                 ; On                 ;
; Power-Up Don't Care                                              ; On                 ; On                 ;
; Remove Redundant Logic Cells                                     ; Off                ; Off                ;
; Remove Duplicate Registers                                       ; On                 ; On                 ;
; Ignore CARRY Buffers                                             ; Off                ; Off                ;
; Ignore CASCADE Buffers                                           ; Off                ; Off                ;
; Ignore GLOBAL Buffers                                            ; Off                ; Off                ;
; Ignore ROW GLOBAL Buffers                                        ; Off                ; Off                ;
; Ignore LCELL Buffers                                             ; Off                ; Off                ;
; Ignore SOFT Buffers                                              ; On                 ; On                 ;
; Limit AHDL Integers to 32 Bits                                   ; Off                ; Off                ;
; Optimization Technique                                           ; Balanced           ; Balanced           ;
; Carry Chain Length                                               ; 70                 ; 70                 ;
; Auto Carry Chains                                                ; On                 ; On                 ;
; Auto Open-Drain Pins                                             ; On                 ; On                 ;
; Perform WYSIWYG Primitive Resynthesis                            ; Off                ; Off                ;
; Auto ROM Replacement                                             ; On                 ; On                 ;
; Auto RAM Replacement                                             ; On                 ; On                 ;
; Auto DSP Block Replacement                                       ; On                 ; On                 ;
; Auto Shift Register Replacement                                  ; Auto               ; Auto               ;
; Allow Shift Register Merging across Hierarchies                  ; Auto               ; Auto               ;
; Auto Clock Enable Replacement                                    ; On                 ; On                 ;
; Strict RAM Replacement                                           ; Off                ; Off                ;
; Allow Synchronous Control Signals                                ; On                 ; On                 ;
; Force Use of Synchronous Clear Signals                           ; Off                ; Off                ;
; Auto RAM Block Balancing                                         ; On                 ; On                 ;
; Auto RAM to Logic Cell Conversion                                ; Off                ; Off                ;
; Auto Resource Sharing                                            ; Off                ; Off                ;
; Allow Any RAM Size For Recognition                               ; Off                ; Off                ;
; Allow Any ROM Size For Recognition                               ; Off                ; Off                ;
; Allow Any Shift Register Size For Recognition                    ; Off                ; Off                ;
; Use LogicLock Constraints during Resource Balancing              ; On                 ; On                 ;
; Ignore translate_off and synthesis_off directives                ; Off                ; Off                ;
; Timing-Driven Synthesis                                          ; On                 ; On                 ;
; Report Parameter Settings                                        ; On                 ; On                 ;
; Report Source Assignments                                        ; On                 ; On                 ;
; Report Connectivity Checks                                       ; On                 ; On                 ;
; Ignore Maximum Fan-Out Assignments                               ; Off                ; Off                ;
; Synchronization Register Chain Length                            ; 2                  ; 2                  ;
; Power Optimization During Synthesis                              ; Normal compilation ; Normal compilation ;
; HDL message level                                                ; Level2             ; Level2             ;
; Suppress Register Optimization Related Messages                  ; Off                ; Off                ;
; Number of Removed Registers Reported in Synthesis Report         ; 5000               ; 5000               ;
; Number of Swept Nodes Reported in Synthesis Report               ; 5000               ; 5000               ;
; Number of Inverted Registers Reported in Synthesis Report        ; 100                ; 100                ;
; Clock MUX Protection                                             ; On                 ; On                 ;
; Auto Gated Clock Conversion                                      ; Off                ; Off                ;
; Block Design Naming                                              ; Auto               ; Auto               ;
; SDC constraint protection                                        ; Off                ; Off                ;
; Synthesis Effort                                                 ; Auto               ; Auto               ;
; Shift Register Replacement - Allow Asynchronous Clear Signal     ; On                 ; On                 ;
; Pre-Mapping Resynthesis Optimization                             ; Off                ; Off                ;
; Analysis & Synthesis Message Level                               ; Medium             ; Medium             ;
; Disable Register Merging Across Hierarchies                      ; Auto               ; Auto               ;
; Resource Aware Inference For Block RAM                           ; On                 ; On                 ;
+------------------------------------------------------------------+--------------------+--------------------+


+---------------------------------+
; Analysis & Elaboration Messages ;
+---------------------------------+
Info: *******************************************************************
Info: Running Quartus Prime Analysis & Elaboration
    Info: Version 23.1std.0 Build 991 11/28/2023 SC Lite Edition
    Info: Processing started: Fri Jan 12 19:57:08 2024
Info: Command: quartus_map --read_settings_files=on --write_settings_files=off mips -c mips --analysis_and_elaboration
Warning (18236): Number of processors has not been specified which may cause overloading on shared machines.  Set the global assignment NUM_PARALLEL_PROCESSORS in your QSF to an appropriate value for best performance.
Info (20030): Parallel compilation is enabled and will use 14 of the 14 processors detected
Warning (12125): Using design file mips.v, which is not specified as a design file for the current project, but contains definitions for 38 design units and 38 entities in project
    Info (12023): Found entity 1: mips File: C:/Users/makth/Downloads/DE10-Lite_v.2.1.0_SystemCD/Tools/SystemBuilder/CodeGenerated/DE10_LITE/mips/mips.v Line: 3
    Info (12023): Found entity 2: InstructionMem File: C:/Users/makth/Downloads/DE10-Lite_v.2.1.0_SystemCD/Tools/SystemBuilder/CodeGenerated/DE10_LITE/mips/mips.v Line: 73
    Info (12023): Found entity 3: instrmemstimulous File: C:/Users/makth/Downloads/DE10-Lite_v.2.1.0_SystemCD/Tools/SystemBuilder/CodeGenerated/DE10_LITE/mips/mips.v Line: 126
    Info (12023): Found entity 4: Add File: C:/Users/makth/Downloads/DE10-Lite_v.2.1.0_SystemCD/Tools/SystemBuilder/CodeGenerated/DE10_LITE/mips/mips.v Line: 151
    Info (12023): Found entity 5: adder1bit File: C:/Users/makth/Downloads/DE10-Lite_v.2.1.0_SystemCD/Tools/SystemBuilder/CodeGenerated/DE10_LITE/mips/mips.v Line: 193
    Info (12023): Found entity 6: regfile File: C:/Users/makth/Downloads/DE10-Lite_v.2.1.0_SystemCD/Tools/SystemBuilder/CodeGenerated/DE10_LITE/mips/mips.v Line: 206
    Info (12023): Found entity 7: D_FF File: C:/Users/makth/Downloads/DE10-Lite_v.2.1.0_SystemCD/Tools/SystemBuilder/CodeGenerated/DE10_LITE/mips/mips.v Line: 274
    Info (12023): Found entity 8: RegBit File: C:/Users/makth/Downloads/DE10-Lite_v.2.1.0_SystemCD/Tools/SystemBuilder/CodeGenerated/DE10_LITE/mips/mips.v Line: 286
    Info (12023): Found entity 9: register File: C:/Users/makth/Downloads/DE10-Lite_v.2.1.0_SystemCD/Tools/SystemBuilder/CodeGenerated/DE10_LITE/mips/mips.v Line: 300
    Info (12023): Found entity 10: decoder File: C:/Users/makth/Downloads/DE10-Lite_v.2.1.0_SystemCD/Tools/SystemBuilder/CodeGenerated/DE10_LITE/mips/mips.v Line: 340
    Info (12023): Found entity 11: andmore File: C:/Users/makth/Downloads/DE10-Lite_v.2.1.0_SystemCD/Tools/SystemBuilder/CodeGenerated/DE10_LITE/mips/mips.v Line: 379
    Info (12023): Found entity 12: dec5to32 File: C:/Users/makth/Downloads/DE10-Lite_v.2.1.0_SystemCD/Tools/SystemBuilder/CodeGenerated/DE10_LITE/mips/mips.v Line: 385
    Info (12023): Found entity 13: mux32to1 File: C:/Users/makth/Downloads/DE10-Lite_v.2.1.0_SystemCD/Tools/SystemBuilder/CodeGenerated/DE10_LITE/mips/mips.v Line: 429
    Info (12023): Found entity 14: mux32x32to32 File: C:/Users/makth/Downloads/DE10-Lite_v.2.1.0_SystemCD/Tools/SystemBuilder/CodeGenerated/DE10_LITE/mips/mips.v Line: 483
    Info (12023): Found entity 15: alu File: C:/Users/makth/Downloads/DE10-Lite_v.2.1.0_SystemCD/Tools/SystemBuilder/CodeGenerated/DE10_LITE/mips/mips.v Line: 534
    Info (12023): Found entity 16: alu1bit File: C:/Users/makth/Downloads/DE10-Lite_v.2.1.0_SystemCD/Tools/SystemBuilder/CodeGenerated/DE10_LITE/mips/mips.v Line: 595
    Info (12023): Found entity 17: addsub File: C:/Users/makth/Downloads/DE10-Lite_v.2.1.0_SystemCD/Tools/SystemBuilder/CodeGenerated/DE10_LITE/mips/mips.v Line: 606
    Info (12023): Found entity 18: adder File: C:/Users/makth/Downloads/DE10-Lite_v.2.1.0_SystemCD/Tools/SystemBuilder/CodeGenerated/DE10_LITE/mips/mips.v Line: 616
    Info (12023): Found entity 19: mux21 File: C:/Users/makth/Downloads/DE10-Lite_v.2.1.0_SystemCD/Tools/SystemBuilder/CodeGenerated/DE10_LITE/mips/mips.v Line: 629
    Info (12023): Found entity 20: dataMem File: C:/Users/makth/Downloads/DE10-Lite_v.2.1.0_SystemCD/Tools/SystemBuilder/CodeGenerated/DE10_LITE/mips/mips.v Line: 640
    Info (12023): Found entity 21: zero_extend File: C:/Users/makth/Downloads/DE10-Lite_v.2.1.0_SystemCD/Tools/SystemBuilder/CodeGenerated/DE10_LITE/mips/mips.v Line: 702
    Info (12023): Found entity 22: mux2x32to32 File: C:/Users/makth/Downloads/DE10-Lite_v.2.1.0_SystemCD/Tools/SystemBuilder/CodeGenerated/DE10_LITE/mips/mips.v Line: 708
    Info (12023): Found entity 23: sign_extend File: C:/Users/makth/Downloads/DE10-Lite_v.2.1.0_SystemCD/Tools/SystemBuilder/CodeGenerated/DE10_LITE/mips/mips.v Line: 750
    Info (12023): Found entity 24: shift_left_2 File: C:/Users/makth/Downloads/DE10-Lite_v.2.1.0_SystemCD/Tools/SystemBuilder/CodeGenerated/DE10_LITE/mips/mips.v Line: 756
    Info (12023): Found entity 25: mux2x5to5 File: C:/Users/makth/Downloads/DE10-Lite_v.2.1.0_SystemCD/Tools/SystemBuilder/CodeGenerated/DE10_LITE/mips/mips.v Line: 763
    Info (12023): Found entity 26: mux2_1 File: C:/Users/makth/Downloads/DE10-Lite_v.2.1.0_SystemCD/Tools/SystemBuilder/CodeGenerated/DE10_LITE/mips/mips.v Line: 775
    Info (12023): Found entity 27: Control File: C:/Users/makth/Downloads/DE10-Lite_v.2.1.0_SystemCD/Tools/SystemBuilder/CodeGenerated/DE10_LITE/mips/mips.v Line: 787
    Info (12023): Found entity 28: ALUControl_Block File: C:/Users/makth/Downloads/DE10-Lite_v.2.1.0_SystemCD/Tools/SystemBuilder/CodeGenerated/DE10_LITE/mips/mips.v Line: 901
    Info (12023): Found entity 29: JRControl_Block File: C:/Users/makth/Downloads/DE10-Lite_v.2.1.0_SystemCD/Tools/SystemBuilder/CodeGenerated/DE10_LITE/mips/mips.v Line: 921
    Info (12023): Found entity 30: ForwardingUnit File: C:/Users/makth/Downloads/DE10-Lite_v.2.1.0_SystemCD/Tools/SystemBuilder/CodeGenerated/DE10_LITE/mips/mips.v Line: 937
    Info (12023): Found entity 31: mux3x32to32 File: C:/Users/makth/Downloads/DE10-Lite_v.2.1.0_SystemCD/Tools/SystemBuilder/CodeGenerated/DE10_LITE/mips/mips.v Line: 974
    Info (12023): Found entity 32: StallControl File: C:/Users/makth/Downloads/DE10-Lite_v.2.1.0_SystemCD/Tools/SystemBuilder/CodeGenerated/DE10_LITE/mips/mips.v Line: 990
    Info (12023): Found entity 33: flush_block File: C:/Users/makth/Downloads/DE10-Lite_v.2.1.0_SystemCD/Tools/SystemBuilder/CodeGenerated/DE10_LITE/mips/mips.v Line: 1063
    Info (12023): Found entity 34: Discard_Instr File: C:/Users/makth/Downloads/DE10-Lite_v.2.1.0_SystemCD/Tools/SystemBuilder/CodeGenerated/DE10_LITE/mips/mips.v Line: 1089
    Info (12023): Found entity 35: WB_forward File: C:/Users/makth/Downloads/DE10-Lite_v.2.1.0_SystemCD/Tools/SystemBuilder/CodeGenerated/DE10_LITE/mips/mips.v Line: 1098
    Info (12023): Found entity 36: CompareAddress File: C:/Users/makth/Downloads/DE10-Lite_v.2.1.0_SystemCD/Tools/SystemBuilder/CodeGenerated/DE10_LITE/mips/mips.v Line: 1134
    Info (12023): Found entity 37: MIPSpipeline File: C:/Users/makth/Downloads/DE10-Lite_v.2.1.0_SystemCD/Tools/SystemBuilder/CodeGenerated/DE10_LITE/mips/mips.v Line: 1151
    Info (12023): Found entity 38: MIPSStimulus File: C:/Users/makth/Downloads/DE10-Lite_v.2.1.0_SystemCD/Tools/SystemBuilder/CodeGenerated/DE10_LITE/mips/mips.v Line: 1362
Warning (10236): Verilog HDL Implicit Net warning at mips.v(199): created implicit net for "c1" File: C:/Users/makth/Downloads/DE10-Lite_v.2.1.0_SystemCD/Tools/SystemBuilder/CodeGenerated/DE10_LITE/mips/mips.v Line: 199
Warning (10236): Verilog HDL Implicit Net warning at mips.v(200): created implicit net for "c2" File: C:/Users/makth/Downloads/DE10-Lite_v.2.1.0_SystemCD/Tools/SystemBuilder/CodeGenerated/DE10_LITE/mips/mips.v Line: 200
Warning (10236): Verilog HDL Implicit Net warning at mips.v(201): created implicit net for "c3" File: C:/Users/makth/Downloads/DE10-Lite_v.2.1.0_SystemCD/Tools/SystemBuilder/CodeGenerated/DE10_LITE/mips/mips.v Line: 201
Warning (10236): Verilog HDL Implicit Net warning at mips.v(382): created implicit net for "f1" File: C:/Users/makth/Downloads/DE10-Lite_v.2.1.0_SystemCD/Tools/SystemBuilder/CodeGenerated/DE10_LITE/mips/mips.v Line: 382
Warning (10236): Verilog HDL Implicit Net warning at mips.v(388): created implicit net for "Nota" File: C:/Users/makth/Downloads/DE10-Lite_v.2.1.0_SystemCD/Tools/SystemBuilder/CodeGenerated/DE10_LITE/mips/mips.v Line: 388
Warning (10236): Verilog HDL Implicit Net warning at mips.v(389): created implicit net for "Notb" File: C:/Users/makth/Downloads/DE10-Lite_v.2.1.0_SystemCD/Tools/SystemBuilder/CodeGenerated/DE10_LITE/mips/mips.v Line: 389
Warning (10236): Verilog HDL Implicit Net warning at mips.v(390): created implicit net for "Notc" File: C:/Users/makth/Downloads/DE10-Lite_v.2.1.0_SystemCD/Tools/SystemBuilder/CodeGenerated/DE10_LITE/mips/mips.v Line: 390
Warning (10236): Verilog HDL Implicit Net warning at mips.v(391): created implicit net for "Notd" File: C:/Users/makth/Downloads/DE10-Lite_v.2.1.0_SystemCD/Tools/SystemBuilder/CodeGenerated/DE10_LITE/mips/mips.v Line: 391
Warning (10236): Verilog HDL Implicit Net warning at mips.v(392): created implicit net for "Note" File: C:/Users/makth/Downloads/DE10-Lite_v.2.1.0_SystemCD/Tools/SystemBuilder/CodeGenerated/DE10_LITE/mips/mips.v Line: 392
Warning (10236): Verilog HDL Implicit Net warning at mips.v(471): created implicit net for "g3" File: C:/Users/makth/Downloads/DE10-Lite_v.2.1.0_SystemCD/Tools/SystemBuilder/CodeGenerated/DE10_LITE/mips/mips.v Line: 471
Warning (10236): Verilog HDL Implicit Net warning at mips.v(472): created implicit net for "g4" File: C:/Users/makth/Downloads/DE10-Lite_v.2.1.0_SystemCD/Tools/SystemBuilder/CodeGenerated/DE10_LITE/mips/mips.v Line: 472
Warning (10236): Verilog HDL Implicit Net warning at mips.v(473): created implicit net for "g5" File: C:/Users/makth/Downloads/DE10-Lite_v.2.1.0_SystemCD/Tools/SystemBuilder/CodeGenerated/DE10_LITE/mips/mips.v Line: 473
Warning (10236): Verilog HDL Implicit Net warning at mips.v(474): created implicit net for "g6" File: C:/Users/makth/Downloads/DE10-Lite_v.2.1.0_SystemCD/Tools/SystemBuilder/CodeGenerated/DE10_LITE/mips/mips.v Line: 474
Warning (10236): Verilog HDL Implicit Net warning at mips.v(475): created implicit net for "g7" File: C:/Users/makth/Downloads/DE10-Lite_v.2.1.0_SystemCD/Tools/SystemBuilder/CodeGenerated/DE10_LITE/mips/mips.v Line: 475
Warning (10236): Verilog HDL Implicit Net warning at mips.v(476): created implicit net for "g8" File: C:/Users/makth/Downloads/DE10-Lite_v.2.1.0_SystemCD/Tools/SystemBuilder/CodeGenerated/DE10_LITE/mips/mips.v Line: 476
Warning (10236): Verilog HDL Implicit Net warning at mips.v(477): created implicit net for "g9" File: C:/Users/makth/Downloads/DE10-Lite_v.2.1.0_SystemCD/Tools/SystemBuilder/CodeGenerated/DE10_LITE/mips/mips.v Line: 477
Warning (10236): Verilog HDL Implicit Net warning at mips.v(478): created implicit net for "g10" File: C:/Users/makth/Downloads/DE10-Lite_v.2.1.0_SystemCD/Tools/SystemBuilder/CodeGenerated/DE10_LITE/mips/mips.v Line: 478
Warning (10236): Verilog HDL Implicit Net warning at mips.v(479): created implicit net for "g11" File: C:/Users/makth/Downloads/DE10-Lite_v.2.1.0_SystemCD/Tools/SystemBuilder/CodeGenerated/DE10_LITE/mips/mips.v Line: 479
Warning (10236): Verilog HDL Implicit Net warning at mips.v(480): created implicit net for "g12" File: C:/Users/makth/Downloads/DE10-Lite_v.2.1.0_SystemCD/Tools/SystemBuilder/CodeGenerated/DE10_LITE/mips/mips.v Line: 480
Warning (10236): Verilog HDL Implicit Net warning at mips.v(574): created implicit net for "notcr31" File: C:/Users/makth/Downloads/DE10-Lite_v.2.1.0_SystemCD/Tools/SystemBuilder/CodeGenerated/DE10_LITE/mips/mips.v Line: 574
Warning (10236): Verilog HDL Implicit Net warning at mips.v(579): created implicit net for "addsub31Out" File: C:/Users/makth/Downloads/DE10-Lite_v.2.1.0_SystemCD/Tools/SystemBuilder/CodeGenerated/DE10_LITE/mips/mips.v Line: 579
Warning (10236): Verilog HDL Implicit Net warning at mips.v(579): created implicit net for "crrout31" File: C:/Users/makth/Downloads/DE10-Lite_v.2.1.0_SystemCD/Tools/SystemBuilder/CodeGenerated/DE10_LITE/mips/mips.v Line: 579
Warning (10236): Verilog HDL Implicit Net warning at mips.v(582): created implicit net for "o1" File: C:/Users/makth/Downloads/DE10-Lite_v.2.1.0_SystemCD/Tools/SystemBuilder/CodeGenerated/DE10_LITE/mips/mips.v Line: 582
Warning (10236): Verilog HDL Implicit Net warning at mips.v(583): created implicit net for "o2" File: C:/Users/makth/Downloads/DE10-Lite_v.2.1.0_SystemCD/Tools/SystemBuilder/CodeGenerated/DE10_LITE/mips/mips.v Line: 583
Warning (10236): Verilog HDL Implicit Net warning at mips.v(584): created implicit net for "o3" File: C:/Users/makth/Downloads/DE10-Lite_v.2.1.0_SystemCD/Tools/SystemBuilder/CodeGenerated/DE10_LITE/mips/mips.v Line: 584
Warning (10236): Verilog HDL Implicit Net warning at mips.v(585): created implicit net for "o4" File: C:/Users/makth/Downloads/DE10-Lite_v.2.1.0_SystemCD/Tools/SystemBuilder/CodeGenerated/DE10_LITE/mips/mips.v Line: 585
Warning (10236): Verilog HDL Implicit Net warning at mips.v(586): created implicit net for "o5" File: C:/Users/makth/Downloads/DE10-Lite_v.2.1.0_SystemCD/Tools/SystemBuilder/CodeGenerated/DE10_LITE/mips/mips.v Line: 586
Warning (10236): Verilog HDL Implicit Net warning at mips.v(587): created implicit net for "o6" File: C:/Users/makth/Downloads/DE10-Lite_v.2.1.0_SystemCD/Tools/SystemBuilder/CodeGenerated/DE10_LITE/mips/mips.v Line: 587
Warning (10236): Verilog HDL Implicit Net warning at mips.v(588): created implicit net for "o7" File: C:/Users/makth/Downloads/DE10-Lite_v.2.1.0_SystemCD/Tools/SystemBuilder/CodeGenerated/DE10_LITE/mips/mips.v Line: 588
Warning (10236): Verilog HDL Implicit Net warning at mips.v(589): created implicit net for "o8" File: C:/Users/makth/Downloads/DE10-Lite_v.2.1.0_SystemCD/Tools/SystemBuilder/CodeGenerated/DE10_LITE/mips/mips.v Line: 589
Warning (10236): Verilog HDL Implicit Net warning at mips.v(590): created implicit net for "o9" File: C:/Users/makth/Downloads/DE10-Lite_v.2.1.0_SystemCD/Tools/SystemBuilder/CodeGenerated/DE10_LITE/mips/mips.v Line: 590
Warning (10236): Verilog HDL Implicit Net warning at mips.v(591): created implicit net for "o10" File: C:/Users/makth/Downloads/DE10-Lite_v.2.1.0_SystemCD/Tools/SystemBuilder/CodeGenerated/DE10_LITE/mips/mips.v Line: 591
Warning (10236): Verilog HDL Implicit Net warning at mips.v(599): created implicit net for "addsubOut" File: C:/Users/makth/Downloads/DE10-Lite_v.2.1.0_SystemCD/Tools/SystemBuilder/CodeGenerated/DE10_LITE/mips/mips.v Line: 599
Warning (10236): Verilog HDL Implicit Net warning at mips.v(600): created implicit net for "xorOut" File: C:/Users/makth/Downloads/DE10-Lite_v.2.1.0_SystemCD/Tools/SystemBuilder/CodeGenerated/DE10_LITE/mips/mips.v Line: 600
Warning (10236): Verilog HDL Implicit Net warning at mips.v(601): created implicit net for "xorlessOut" File: C:/Users/makth/Downloads/DE10-Lite_v.2.1.0_SystemCD/Tools/SystemBuilder/CodeGenerated/DE10_LITE/mips/mips.v Line: 601
Warning (10236): Verilog HDL Implicit Net warning at mips.v(609): created implicit net for "notb" File: C:/Users/makth/Downloads/DE10-Lite_v.2.1.0_SystemCD/Tools/SystemBuilder/CodeGenerated/DE10_LITE/mips/mips.v Line: 609
Warning (10236): Verilog HDL Implicit Net warning at mips.v(610): created implicit net for "b1" File: C:/Users/makth/Downloads/DE10-Lite_v.2.1.0_SystemCD/Tools/SystemBuilder/CodeGenerated/DE10_LITE/mips/mips.v Line: 610
Warning (10236): Verilog HDL Implicit Net warning at mips.v(622): created implicit net for "c1" File: C:/Users/makth/Downloads/DE10-Lite_v.2.1.0_SystemCD/Tools/SystemBuilder/CodeGenerated/DE10_LITE/mips/mips.v Line: 622
Warning (10236): Verilog HDL Implicit Net warning at mips.v(623): created implicit net for "c2" File: C:/Users/makth/Downloads/DE10-Lite_v.2.1.0_SystemCD/Tools/SystemBuilder/CodeGenerated/DE10_LITE/mips/mips.v Line: 623
Warning (10236): Verilog HDL Implicit Net warning at mips.v(624): created implicit net for "c3" File: C:/Users/makth/Downloads/DE10-Lite_v.2.1.0_SystemCD/Tools/SystemBuilder/CodeGenerated/DE10_LITE/mips/mips.v Line: 624
Warning (10236): Verilog HDL Implicit Net warning at mips.v(634): created implicit net for "nsel" File: C:/Users/makth/Downloads/DE10-Lite_v.2.1.0_SystemCD/Tools/SystemBuilder/CodeGenerated/DE10_LITE/mips/mips.v Line: 634
Warning (10236): Verilog HDL Implicit Net warning at mips.v(635): created implicit net for "O1" File: C:/Users/makth/Downloads/DE10-Lite_v.2.1.0_SystemCD/Tools/SystemBuilder/CodeGenerated/DE10_LITE/mips/mips.v Line: 635
Warning (10236): Verilog HDL Implicit Net warning at mips.v(636): created implicit net for "O2" File: C:/Users/makth/Downloads/DE10-Lite_v.2.1.0_SystemCD/Tools/SystemBuilder/CodeGenerated/DE10_LITE/mips/mips.v Line: 636
Warning (10236): Verilog HDL Implicit Net warning at mips.v(780): created implicit net for "nsel" File: C:/Users/makth/Downloads/DE10-Lite_v.2.1.0_SystemCD/Tools/SystemBuilder/CodeGenerated/DE10_LITE/mips/mips.v Line: 780
Warning (10236): Verilog HDL Implicit Net warning at mips.v(781): created implicit net for "O1" File: C:/Users/makth/Downloads/DE10-Lite_v.2.1.0_SystemCD/Tools/SystemBuilder/CodeGenerated/DE10_LITE/mips/mips.v Line: 781
Warning (10236): Verilog HDL Implicit Net warning at mips.v(782): created implicit net for "O2" File: C:/Users/makth/Downloads/DE10-Lite_v.2.1.0_SystemCD/Tools/SystemBuilder/CodeGenerated/DE10_LITE/mips/mips.v Line: 782
Warning (10236): Verilog HDL Implicit Net warning at mips.v(944): created implicit net for "a" File: C:/Users/makth/Downloads/DE10-Lite_v.2.1.0_SystemCD/Tools/SystemBuilder/CodeGenerated/DE10_LITE/mips/mips.v Line: 944
Warning (10236): Verilog HDL Implicit Net warning at mips.v(945): created implicit net for "b" File: C:/Users/makth/Downloads/DE10-Lite_v.2.1.0_SystemCD/Tools/SystemBuilder/CodeGenerated/DE10_LITE/mips/mips.v Line: 945
Warning (10236): Verilog HDL Implicit Net warning at mips.v(946): created implicit net for "x" File: C:/Users/makth/Downloads/DE10-Lite_v.2.1.0_SystemCD/Tools/SystemBuilder/CodeGenerated/DE10_LITE/mips/mips.v Line: 946
Warning (10236): Verilog HDL Implicit Net warning at mips.v(950): created implicit net for "c" File: C:/Users/makth/Downloads/DE10-Lite_v.2.1.0_SystemCD/Tools/SystemBuilder/CodeGenerated/DE10_LITE/mips/mips.v Line: 950
Warning (10236): Verilog HDL Implicit Net warning at mips.v(951): created implicit net for "d" File: C:/Users/makth/Downloads/DE10-Lite_v.2.1.0_SystemCD/Tools/SystemBuilder/CodeGenerated/DE10_LITE/mips/mips.v Line: 951
Warning (10236): Verilog HDL Implicit Net warning at mips.v(952): created implicit net for "y" File: C:/Users/makth/Downloads/DE10-Lite_v.2.1.0_SystemCD/Tools/SystemBuilder/CodeGenerated/DE10_LITE/mips/mips.v Line: 952
Warning (10236): Verilog HDL Implicit Net warning at mips.v(957): created implicit net for "notx" File: C:/Users/makth/Downloads/DE10-Lite_v.2.1.0_SystemCD/Tools/SystemBuilder/CodeGenerated/DE10_LITE/mips/mips.v Line: 957
Warning (10236): Verilog HDL Implicit Net warning at mips.v(961): created implicit net for "b1" File: C:/Users/makth/Downloads/DE10-Lite_v.2.1.0_SystemCD/Tools/SystemBuilder/CodeGenerated/DE10_LITE/mips/mips.v Line: 961
Warning (10236): Verilog HDL Implicit Net warning at mips.v(962): created implicit net for "d1" File: C:/Users/makth/Downloads/DE10-Lite_v.2.1.0_SystemCD/Tools/SystemBuilder/CodeGenerated/DE10_LITE/mips/mips.v Line: 962
Warning (10236): Verilog HDL Implicit Net warning at mips.v(963): created implicit net for "x1" File: C:/Users/makth/Downloads/DE10-Lite_v.2.1.0_SystemCD/Tools/SystemBuilder/CodeGenerated/DE10_LITE/mips/mips.v Line: 963
Warning (10236): Verilog HDL Implicit Net warning at mips.v(964): created implicit net for "y1" File: C:/Users/makth/Downloads/DE10-Lite_v.2.1.0_SystemCD/Tools/SystemBuilder/CodeGenerated/DE10_LITE/mips/mips.v Line: 964
Warning (10236): Verilog HDL Implicit Net warning at mips.v(967): created implicit net for "notx1" File: C:/Users/makth/Downloads/DE10-Lite_v.2.1.0_SystemCD/Tools/SystemBuilder/CodeGenerated/DE10_LITE/mips/mips.v Line: 967
Warning (10236): Verilog HDL Implicit Net warning at mips.v(1022): created implicit net for "OrRsRt" File: C:/Users/makth/Downloads/DE10-Lite_v.2.1.0_SystemCD/Tools/SystemBuilder/CodeGenerated/DE10_LITE/mips/mips.v Line: 1022
Warning (10236): Verilog HDL Implicit Net warning at mips.v(1023): created implicit net for "notOrRsRt" File: C:/Users/makth/Downloads/DE10-Lite_v.2.1.0_SystemCD/Tools/SystemBuilder/CodeGenerated/DE10_LITE/mips/mips.v Line: 1023
Warning (10236): Verilog HDL Implicit Net warning at mips.v(1031): created implicit net for "OrRtRt" File: C:/Users/makth/Downloads/DE10-Lite_v.2.1.0_SystemCD/Tools/SystemBuilder/CodeGenerated/DE10_LITE/mips/mips.v Line: 1031
Warning (10236): Verilog HDL Implicit Net warning at mips.v(1032): created implicit net for "notOrRtRt" File: C:/Users/makth/Downloads/DE10-Lite_v.2.1.0_SystemCD/Tools/SystemBuilder/CodeGenerated/DE10_LITE/mips/mips.v Line: 1032
Warning (10236): Verilog HDL Implicit Net warning at mips.v(1040): created implicit net for "ec1" File: C:/Users/makth/Downloads/DE10-Lite_v.2.1.0_SystemCD/Tools/SystemBuilder/CodeGenerated/DE10_LITE/mips/mips.v Line: 1040
Warning (10236): Verilog HDL Implicit Net warning at mips.v(1048): created implicit net for "ec2" File: C:/Users/makth/Downloads/DE10-Lite_v.2.1.0_SystemCD/Tools/SystemBuilder/CodeGenerated/DE10_LITE/mips/mips.v Line: 1048
Warning (10236): Verilog HDL Implicit Net warning at mips.v(1051): created implicit net for "xorop" File: C:/Users/makth/Downloads/DE10-Lite_v.2.1.0_SystemCD/Tools/SystemBuilder/CodeGenerated/DE10_LITE/mips/mips.v Line: 1051
Warning (10236): Verilog HDL Implicit Net warning at mips.v(1052): created implicit net for "xoroprt" File: C:/Users/makth/Downloads/DE10-Lite_v.2.1.0_SystemCD/Tools/SystemBuilder/CodeGenerated/DE10_LITE/mips/mips.v Line: 1052
Warning (10236): Verilog HDL Implicit Net warning at mips.v(1053): created implicit net for "OrOut" File: C:/Users/makth/Downloads/DE10-Lite_v.2.1.0_SystemCD/Tools/SystemBuilder/CodeGenerated/DE10_LITE/mips/mips.v Line: 1053
Warning (10236): Verilog HDL Implicit Net warning at mips.v(1054): created implicit net for "Condition" File: C:/Users/makth/Downloads/DE10-Lite_v.2.1.0_SystemCD/Tools/SystemBuilder/CodeGenerated/DE10_LITE/mips/mips.v Line: 1054
Warning (10236): Verilog HDL Implicit Net warning at mips.v(1073): created implicit net for "notflush" File: C:/Users/makth/Downloads/DE10-Lite_v.2.1.0_SystemCD/Tools/SystemBuilder/CodeGenerated/DE10_LITE/mips/mips.v Line: 1073
Warning (10236): Verilog HDL Implicit Net warning at mips.v(1122): created implicit net for "orOut1" File: C:/Users/makth/Downloads/DE10-Lite_v.2.1.0_SystemCD/Tools/SystemBuilder/CodeGenerated/DE10_LITE/mips/mips.v Line: 1122
Warning (10236): Verilog HDL Implicit Net warning at mips.v(1147): created implicit net for "OrAddr" File: C:/Users/makth/Downloads/DE10-Lite_v.2.1.0_SystemCD/Tools/SystemBuilder/CodeGenerated/DE10_LITE/mips/mips.v Line: 1147
Warning (10236): Verilog HDL Implicit Net warning at mips.v(1251): created implicit net for "ID_flush" File: C:/Users/makth/Downloads/DE10-Lite_v.2.1.0_SystemCD/Tools/SystemBuilder/CodeGenerated/DE10_LITE/mips/mips.v Line: 1251
Warning (10227): Verilog HDL Port Declaration warning at mips.v(995): data type declaration for "EX_rt" declares packed dimensions but the port declaration declaration does not File: C:/Users/makth/Downloads/DE10-Lite_v.2.1.0_SystemCD/Tools/SystemBuilder/CodeGenerated/DE10_LITE/mips/mips.v Line: 995
Info (10499): HDL info at mips.v(993): see declaration for object "EX_rt" File: C:/Users/makth/Downloads/DE10-Lite_v.2.1.0_SystemCD/Tools/SystemBuilder/CodeGenerated/DE10_LITE/mips/mips.v Line: 993
Warning (10227): Verilog HDL Port Declaration warning at mips.v(995): data type declaration for "ID_rs" declares packed dimensions but the port declaration declaration does not File: C:/Users/makth/Downloads/DE10-Lite_v.2.1.0_SystemCD/Tools/SystemBuilder/CodeGenerated/DE10_LITE/mips/mips.v Line: 995
Info (10499): HDL info at mips.v(993): see declaration for object "ID_rs" File: C:/Users/makth/Downloads/DE10-Lite_v.2.1.0_SystemCD/Tools/SystemBuilder/CodeGenerated/DE10_LITE/mips/mips.v Line: 993
Warning (10227): Verilog HDL Port Declaration warning at mips.v(995): data type declaration for "ID_rt" declares packed dimensions but the port declaration declaration does not File: C:/Users/makth/Downloads/DE10-Lite_v.2.1.0_SystemCD/Tools/SystemBuilder/CodeGenerated/DE10_LITE/mips/mips.v Line: 995
Info (10499): HDL info at mips.v(993): see declaration for object "ID_rt" File: C:/Users/makth/Downloads/DE10-Lite_v.2.1.0_SystemCD/Tools/SystemBuilder/CodeGenerated/DE10_LITE/mips/mips.v Line: 993
Info (12127): Elaborating entity "mips" for the top level hierarchy
Warning (10034): Output port "DRAM_ADDR" at mips.v(11) has no driver File: C:/Users/makth/Downloads/DE10-Lite_v.2.1.0_SystemCD/Tools/SystemBuilder/CodeGenerated/DE10_LITE/mips/mips.v Line: 11
Warning (10034): Output port "DRAM_BA" at mips.v(12) has no driver File: C:/Users/makth/Downloads/DE10-Lite_v.2.1.0_SystemCD/Tools/SystemBuilder/CodeGenerated/DE10_LITE/mips/mips.v Line: 12
Warning (10034): Output port "HEX0" at mips.v(24) has no driver File: C:/Users/makth/Downloads/DE10-Lite_v.2.1.0_SystemCD/Tools/SystemBuilder/CodeGenerated/DE10_LITE/mips/mips.v Line: 24
Warning (10034): Output port "HEX1" at mips.v(25) has no driver File: C:/Users/makth/Downloads/DE10-Lite_v.2.1.0_SystemCD/Tools/SystemBuilder/CodeGenerated/DE10_LITE/mips/mips.v Line: 25
Warning (10034): Output port "HEX2" at mips.v(26) has no driver File: C:/Users/makth/Downloads/DE10-Lite_v.2.1.0_SystemCD/Tools/SystemBuilder/CodeGenerated/DE10_LITE/mips/mips.v Line: 26
Warning (10034): Output port "HEX3" at mips.v(27) has no driver File: C:/Users/makth/Downloads/DE10-Lite_v.2.1.0_SystemCD/Tools/SystemBuilder/CodeGenerated/DE10_LITE/mips/mips.v Line: 27
Warning (10034): Output port "HEX4" at mips.v(28) has no driver File: C:/Users/makth/Downloads/DE10-Lite_v.2.1.0_SystemCD/Tools/SystemBuilder/CodeGenerated/DE10_LITE/mips/mips.v Line: 28
Warning (10034): Output port "HEX5" at mips.v(29) has no driver File: C:/Users/makth/Downloads/DE10-Lite_v.2.1.0_SystemCD/Tools/SystemBuilder/CodeGenerated/DE10_LITE/mips/mips.v Line: 29
Warning (10034): Output port "LEDR" at mips.v(35) has no driver File: C:/Users/makth/Downloads/DE10-Lite_v.2.1.0_SystemCD/Tools/SystemBuilder/CodeGenerated/DE10_LITE/mips/mips.v Line: 35
Warning (10034): Output port "VGA_B" at mips.v(41) has no driver File: C:/Users/makth/Downloads/DE10-Lite_v.2.1.0_SystemCD/Tools/SystemBuilder/CodeGenerated/DE10_LITE/mips/mips.v Line: 41
Warning (10034): Output port "VGA_G" at mips.v(42) has no driver File: C:/Users/makth/Downloads/DE10-Lite_v.2.1.0_SystemCD/Tools/SystemBuilder/CodeGenerated/DE10_LITE/mips/mips.v Line: 42
Warning (10034): Output port "VGA_R" at mips.v(44) has no driver File: C:/Users/makth/Downloads/DE10-Lite_v.2.1.0_SystemCD/Tools/SystemBuilder/CodeGenerated/DE10_LITE/mips/mips.v Line: 44
Warning (10034): Output port "DRAM_CAS_N" at mips.v(13) has no driver File: C:/Users/makth/Downloads/DE10-Lite_v.2.1.0_SystemCD/Tools/SystemBuilder/CodeGenerated/DE10_LITE/mips/mips.v Line: 13
Warning (10034): Output port "DRAM_CKE" at mips.v(14) has no driver File: C:/Users/makth/Downloads/DE10-Lite_v.2.1.0_SystemCD/Tools/SystemBuilder/CodeGenerated/DE10_LITE/mips/mips.v Line: 14
Warning (10034): Output port "DRAM_CLK" at mips.v(15) has no driver File: C:/Users/makth/Downloads/DE10-Lite_v.2.1.0_SystemCD/Tools/SystemBuilder/CodeGenerated/DE10_LITE/mips/mips.v Line: 15
Warning (10034): Output port "DRAM_CS_N" at mips.v(16) has no driver File: C:/Users/makth/Downloads/DE10-Lite_v.2.1.0_SystemCD/Tools/SystemBuilder/CodeGenerated/DE10_LITE/mips/mips.v Line: 16
Warning (10034): Output port "DRAM_LDQM" at mips.v(18) has no driver File: C:/Users/makth/Downloads/DE10-Lite_v.2.1.0_SystemCD/Tools/SystemBuilder/CodeGenerated/DE10_LITE/mips/mips.v Line: 18
Warning (10034): Output port "DRAM_RAS_N" at mips.v(19) has no driver File: C:/Users/makth/Downloads/DE10-Lite_v.2.1.0_SystemCD/Tools/SystemBuilder/CodeGenerated/DE10_LITE/mips/mips.v Line: 19
Warning (10034): Output port "DRAM_UDQM" at mips.v(20) has no driver File: C:/Users/makth/Downloads/DE10-Lite_v.2.1.0_SystemCD/Tools/SystemBuilder/CodeGenerated/DE10_LITE/mips/mips.v Line: 20
Warning (10034): Output port "DRAM_WE_N" at mips.v(21) has no driver File: C:/Users/makth/Downloads/DE10-Lite_v.2.1.0_SystemCD/Tools/SystemBuilder/CodeGenerated/DE10_LITE/mips/mips.v Line: 21
Warning (10034): Output port "VGA_HS" at mips.v(43) has no driver File: C:/Users/makth/Downloads/DE10-Lite_v.2.1.0_SystemCD/Tools/SystemBuilder/CodeGenerated/DE10_LITE/mips/mips.v Line: 43
Warning (10034): Output port "VGA_VS" at mips.v(45) has no driver File: C:/Users/makth/Downloads/DE10-Lite_v.2.1.0_SystemCD/Tools/SystemBuilder/CodeGenerated/DE10_LITE/mips/mips.v Line: 45
Warning (10034): Output port "GSENSOR_CS_N" at mips.v(48) has no driver File: C:/Users/makth/Downloads/DE10-Lite_v.2.1.0_SystemCD/Tools/SystemBuilder/CodeGenerated/DE10_LITE/mips/mips.v Line: 48
Warning (10034): Output port "GSENSOR_SCLK" at mips.v(50) has no driver File: C:/Users/makth/Downloads/DE10-Lite_v.2.1.0_SystemCD/Tools/SystemBuilder/CodeGenerated/DE10_LITE/mips/mips.v Line: 50
Info: Quartus Prime Analysis & Elaboration was successful. 0 errors, 101 warnings
    Info: Peak virtual memory: 4730 megabytes
    Info: Processing ended: Fri Jan 12 19:57:23 2024
    Info: Elapsed time: 00:00:15
    Info: Total CPU time (on all processors): 00:00:02


